41042@DESKTOP-2UL7G3O MINGW64 ~/Desktop/新建文件夹
$

41042@DESKTOP-2UL7G3O MINGW64 ~/Desktop/新建文件夹
$ ls

41042@DESKTOP-2UL7G3O MINGW64 ~/Desktop/新建文件夹
$ pwd
/c/Users/41042/Desktop/新建文件夹

41042@DESKTOP-2UL7G3O MINGW64 ~/Desktop/新建文件夹
$ git config --global user.name 'Webproject'

41042@DESKTOP-2UL7G3O MINGW64 ~/Desktop/新建文件夹
$ git config --global user.email '2280127027@qq.com'

41042@DESKTOP-2UL7G3O MINGW64 ~/Desktop/新建文件夹
$ mkdir test

41042@DESKTOP-2UL7G3O MINGW64 ~/Desktop/新建文件夹
$ cd test

41042@DESKTOP-2UL7G3O MINGW64 ~/Desktop/新建文件夹/test
$ touch test.java

41042@DESKTOP-2UL7G3O MINGW64 ~/Desktop/新建文件夹/test
$ git init
Initialized empty Git repository in C:/Users/41042/Desktop/新建文件夹/test/.git/

41042@DESKTOP-2UL7G3O MINGW64 ~/Desktop/新建文件夹/test (master)
$ remove test.java
bash: remove: command not found

41042@DESKTOP-2UL7G3O MINGW64 ~/Desktop/新建文件夹/test (master)
$ touch test1.java

41042@DESKTOP-2UL7G3O MINGW64 ~/Desktop/新建文件夹/test (master)
$ remove test1.java
bash: remove: command not found

41042@DESKTOP-2UL7G3O MINGW64 ~/Desktop/新建文件夹/test (master)
$ git status
On branch master

No commits yet

Untracked files:
  (use "git add <file>..." to include in what will be committed)
        test1.java

nothing added to commit but untracked files present (use "git add" to track)

41042@DESKTOP-2UL7G3O MINGW64 ~/Desktop/新建文件夹/test (master)
$ git add test1.java

41042@DESKTOP-2UL7G3O MINGW64 ~/Desktop/新建文件夹/test (master)
$ git status
On branch master

No commits yet

Changes to be committed:
  (use "git rm --cached <file>..." to unstage)
        new file:   test1.java


41042@DESKTOP-2UL7G3O MINGW64 ~/Desktop/新建文件夹/test (master)
$ git commit  -m '向仓库添加测试文件'
[master (root-commit) fba700a] 向仓库添加测试文件
 1 file changed, 0 insertions(+), 0 deletions(-)
 create mode 100644 test1.java

41042@DESKTOP-2UL7G3O MINGW64 ~/Desktop/新建文件夹/test (master)
$ git status
On branch master
nothing to commit, working tree clean

41042@DESKTOP-2UL7G3O MINGW64 ~/Desktop/新建文件夹/test (master)
$ rm test1.java

41042@DESKTOP-2UL7G3O MINGW64 ~/Desktop/新建文件夹/test (master)
$ vi test1.java

41042@DESKTOP-2UL7G3O MINGW64 ~/Desktop/新建文件夹/test (master)
$ git status
On branch master
Changes not staged for commit:
  (use "git add <file>..." to update what will be committed)
  (use "git restore <file>..." to discard changes in working directory)
        modified:   test1.java

no changes added to commit (use "git add" and/or "git commit -a")

41042@DESKTOP-2UL7G3O MINGW64 ~/Desktop/新建文件夹/test (master)
$ git add test1.java
warning: LF will be replaced by CRLF in test1.java.
The file will have its original line endings in your working directory

41042@DESKTOP-2UL7G3O MINGW64 ~/Desktop/新建文件夹/test (master)
$ git status
On branch master
Changes to be committed:
  (use "git restore --staged <file>..." to unstage)
        modified:   test1.java


41042@DESKTOP-2UL7G3O MINGW64 ~/Desktop/新建文件夹/test (master)
$ git commit -m '修改文件’
> '
[master 180a8c6] 修改文件’
 1 file changed, 2 insertions(+)

41042@DESKTOP-2UL7G3O MINGW64 ~/Desktop/新建文件夹/test (master)
$ git staus
git: 'staus' is not a git command. See 'git --help'.

The most similar command is
        status

41042@DESKTOP-2UL7G3O MINGW64 ~/Desktop/新建文件夹/test (master)
$ rm -rf a1.php

41042@DESKTOP-2UL7G3O MINGW64 ~/Desktop/新建文件夹/test (master)
$ rm -rf test1.java

41042@DESKTOP-2UL7G3O MINGW64 ~/Desktop/新建文件夹/test (master)
$ git rm test1.java
rm 'test1.java'

41042@DESKTOP-2UL7G3O MINGW64 ~/Desktop/新建文件夹/test (master)
$ git commit -m '第一次通过git删除文件'
[master d0b41b9] 第一次通过git删除文件
 1 file changed, 2 deletions(-)
 delete mode 100644 test1.java

41042@DESKTOP-2UL7G3O MINGW64 ~/Desktop/新建文件夹/test (master)
$ ^C

41042@DESKTOP-2UL7G3O MINGW64 ~/Desktop/新建文件夹/test
$
